templated manifests should match snapshot:
  1: |
    apiVersion: rbac.authorization.k8s.io/v1
    kind: ClusterRole
    metadata:
      labels:
        app.kubernetes.io/instance: RELEASE-NAME
        app.kubernetes.io/managed-by: Helm
        app.kubernetes.io/name: cluster-api-janitor-openstack
        app.kubernetes.io/version: main
        helm.sh/chart: cluster-api-janitor-openstack-0.1.0
      name: release-name-cluster-api-janitor-openstack
    rules:
      - apiGroups:
          - ""
        resources:
          - namespaces
        verbs:
          - list
          - watch
      - apiGroups:
          - ""
          - events.k8s.io
        resources:
          - events
        verbs:
          - create
      - apiGroups:
          - ""
        resources:
          - secrets
        verbs:
          - get
          - delete
      - apiGroups:
          - infrastructure.cluster.x-k8s.io
        resources:
          - openstackclusters
        verbs:
          - list
          - get
          - watch
          - patch
      - apiGroups:
          - apiextensions.k8s.io
        resources:
          - customresourcedefinitions
        verbs:
          - list
          - get
          - watch
  2: |
    apiVersion: rbac.authorization.k8s.io/v1
    kind: ClusterRoleBinding
    metadata:
      labels:
        app.kubernetes.io/instance: RELEASE-NAME
        app.kubernetes.io/managed-by: Helm
        app.kubernetes.io/name: cluster-api-janitor-openstack
        app.kubernetes.io/version: main
        helm.sh/chart: cluster-api-janitor-openstack-0.1.0
      name: release-name-cluster-api-janitor-openstack
    roleRef:
      apiGroup: rbac.authorization.k8s.io
      kind: ClusterRole
      name: release-name-cluster-api-janitor-openstack
    subjects:
      - kind: ServiceAccount
        name: release-name-cluster-api-janitor-openstack
        namespace: NAMESPACE
  3: |
    apiVersion: apps/v1
    kind: Deployment
    metadata:
      labels:
        app.kubernetes.io/instance: RELEASE-NAME
        app.kubernetes.io/managed-by: Helm
        app.kubernetes.io/name: cluster-api-janitor-openstack
        app.kubernetes.io/version: main
        helm.sh/chart: cluster-api-janitor-openstack-0.1.0
      name: release-name-cluster-api-janitor-openstack
    spec:
      replicas: 1
      selector:
        matchLabels:
          app.kubernetes.io/instance: RELEASE-NAME
          app.kubernetes.io/name: cluster-api-janitor-openstack
      strategy:
        type: Recreate
      template:
        metadata:
          labels:
            app.kubernetes.io/instance: RELEASE-NAME
            app.kubernetes.io/name: cluster-api-janitor-openstack
        spec:
          containers:
            - env:
                - name: CAPI_JANITOR_DEFAULT_VOLUMES_POLICY
                  value: delete
              image: ghcr.io/azimuth-cloud/cluster-api-janitor-openstack:main
              imagePullPolicy: IfNotPresent
              name: operator
              resources: {}
              securityContext:
                allowPrivilegeEscalation: false
                capabilities:
                  drop:
                    - ALL
                readOnlyRootFilesystem: true
              volumeMounts:
                - mountPath: /tmp
                  name: tmp
          securityContext:
            runAsNonRoot: true
          serviceAccountName: release-name-cluster-api-janitor-openstack
          volumes:
            - emptyDir: {}
              name: tmp
  4: |
    apiVersion: v1
    kind: ServiceAccount
    metadata:
      labels:
        app.kubernetes.io/instance: RELEASE-NAME
        app.kubernetes.io/managed-by: Helm
        app.kubernetes.io/name: cluster-api-janitor-openstack
        app.kubernetes.io/version: main
        helm.sh/chart: cluster-api-janitor-openstack-0.1.0
      name: release-name-cluster-api-janitor-openstack
